[dotenv@17.2.3] injecting env (8) from .env.local -- tip: ΓÜÖ∩╕Å  suppress all logs with { quiet: true }
Connecting to HIS Database...
Connected!
Executing query...
Query successful!
Rows found: 10
ΓöîΓöÇΓöÇΓöÇΓöÇΓöÇΓöÇΓöÇΓöÇΓöÇΓö¼ΓöÇΓöÇΓöÇΓöÇΓöÇΓöÇΓöÇΓöÇΓöÇΓöÇΓöÇΓöÇΓöÇΓö¼ΓöÇΓöÇΓöÇΓöÇΓöÇΓöÇΓöÇΓöÇΓöÇΓöÇΓöÇΓöÇΓöÇΓöÇΓöÇΓöÇΓöÇΓöÇΓöÇΓöÇΓö¼ΓöÇΓöÇΓöÇΓöÇΓöÇΓöÇΓöÇΓöÇΓöÇΓöÇΓöÇΓöÇΓöÇΓöÇΓö¼ΓöÇΓöÇΓöÇΓöÇΓöÇΓöÇΓöÇΓöÇΓöÇΓöÇΓöÇΓöÇΓöÇΓöÇΓöÇΓöÇΓöÇΓöÇΓöÇΓöÇΓöÇΓöÇΓö¼ΓöÇΓöÇΓöÇΓöÇΓöÇΓöÇΓöÇΓöÇΓöÇΓöÇΓöÇΓöÇΓöÇΓöÇΓöÇΓöÇΓöÇΓöÇΓöÇΓöÇΓöÇΓöÇΓöÇΓöÇΓöÇΓöÇΓöÇΓöÇΓöÇΓöÇΓöÇΓöÇΓöÇΓöÇΓöÇΓöÇΓöÇΓöÇΓöÇΓöÇΓöÇΓöÇΓöÇΓöÇΓöÇΓöÇΓöÇΓöÇΓöÇΓöÇΓöÇΓöÇΓöÇΓöÇΓöÇΓöÇΓöÇΓöÉ
Γöé (index) Γöé patientcode Γöé patientname        Γöé birthdayyear Γöé chandoanbandau_icd10 Γöé chandoanbandau                                          Γöé
Γö£ΓöÇΓöÇΓöÇΓöÇΓöÇΓöÇΓöÇΓöÇΓöÇΓö╝ΓöÇΓöÇΓöÇΓöÇΓöÇΓöÇΓöÇΓöÇΓöÇΓöÇΓöÇΓöÇΓöÇΓö╝ΓöÇΓöÇΓöÇΓöÇΓöÇΓöÇΓöÇΓöÇΓöÇΓöÇΓöÇΓöÇΓöÇΓöÇΓöÇΓöÇΓöÇΓöÇΓöÇΓöÇΓö╝ΓöÇΓöÇΓöÇΓöÇΓöÇΓöÇΓöÇΓöÇΓöÇΓöÇΓöÇΓöÇΓöÇΓöÇΓö╝ΓöÇΓöÇΓöÇΓöÇΓöÇΓöÇΓöÇΓöÇΓöÇΓöÇΓöÇΓöÇΓöÇΓöÇΓöÇΓöÇΓöÇΓöÇΓöÇΓöÇΓöÇΓöÇΓö╝ΓöÇΓöÇΓöÇΓöÇΓöÇΓöÇΓöÇΓöÇΓöÇΓöÇΓöÇΓöÇΓöÇΓöÇΓöÇΓöÇΓöÇΓöÇΓöÇΓöÇΓöÇΓöÇΓöÇΓöÇΓöÇΓöÇΓöÇΓöÇΓöÇΓöÇΓöÇΓöÇΓöÇΓöÇΓöÇΓöÇΓöÇΓöÇΓöÇΓöÇΓöÇΓöÇΓöÇΓöÇΓöÇΓöÇΓöÇΓöÇΓöÇΓöÇΓöÇΓöÇΓöÇΓöÇΓöÇΓöÇΓöÇΓöñ
Γöé 0       Γöé '24010828'  Γöé 'NGUYß╗äN KHOA D┼¿NG' Γöé 1976         Γöé 'E11'                Γöé 'Bß╗çnh ─æ├íi th├ío ─æ╞░ß╗¥ng kh├┤ng phß╗Ñ thuß╗Öc insuline'          Γöé
Γöé 1       Γöé '25004373'  Γöé 'NG├ö QUß╗ÉC H╞»NG'    Γöé 1975         Γöé 'E11'                Γöé 'Bß╗çnh ─æ├íi th├ío ─æ╞░ß╗¥ng kh├┤ng phß╗Ñ thuß╗Öc insuline'          Γöé
Γöé 2       Γöé '25001141'  Γöé 'NGUYß╗äN Hß╗«U QU├¥'   Γöé 1932         Γöé 'E11'                Γöé 'Bß╗çnh ─æ├íi th├ío ─æ╞░ß╗¥ng kh├┤ng phß╗Ñ thuß╗Öc insuline'          Γöé
Γöé 3       Γöé '22006974'  Γöé 'TRß╗èNH THß╗è MAY'    Γöé 1987         Γöé 'E11'                Γöé 'Bß╗çnh ─æ├íi th├ío ─æ╞░ß╗¥ng kh├┤ng phß╗Ñ thuß╗Öc insuline'          Γöé
Γöé 4       Γöé '25001191'  Γöé 'V├ò TUß╗å MINH'      Γöé 2002         Γöé 'E11'                Γöé 'Bß╗çnh ─æ├íi th├ío ─æ╞░ß╗¥ng kh├┤ng phß╗Ñ thuß╗Öc insuline - TD THA' Γöé
Γöé 5       Γöé '22000710'  Γöé 'V┼¿ THß╗è VANG'      Γöé 1953         Γöé 'E11'                Γöé 'Bß╗çnh ─æ├íi th├ío ─æ╞░ß╗¥ng kh├┤ng phß╗Ñ thuß╗Öc insuline'          Γöé
Γöé 6       Γöé '23011569'  Γöé 'L├è THANH TRIß╗ÇU'   Γöé 1981         Γöé 'E11'                Γöé 'Bß╗çnh ─æ├íi th├ío ─æ╞░ß╗¥ng kh├┤ng phß╗Ñ thuß╗Öc insuline'          Γöé
Γöé 7       Γöé '22005837'  Γöé 'NGUYß╗äN THß╗è Mß╗┤'    Γöé 1970         Γöé 'E11'                Γöé 'Bß╗çnh ─æ├íi th├ío ─æ╞░ß╗¥ng kh├┤ng phß╗Ñ thuß╗Öc insuline'          Γöé
Γöé 8       Γöé '22000788'  Γöé '─Éß╗û THß╗è NGA'       Γöé 1963         Γöé 'E11'                Γöé 'Bß╗çnh ─æ├íi th├ío ─æ╞░ß╗¥ng kh├┤ng phß╗Ñ thuß╗Öc insuline'          Γöé
Γöé 9       Γöé '25014413'  Γöé 'NGUYß╗äN ─É─éNG Vß╗îNG' Γöé 1959         Γöé 'E11'                Γöé 'Bß╗çnh ─æ├íi th├ío ─æ╞░ß╗¥ng kh├┤ng phß╗Ñ thuß╗Öc insuline'          Γöé
ΓööΓöÇΓöÇΓöÇΓöÇΓöÇΓöÇΓöÇΓöÇΓöÇΓö┤ΓöÇΓöÇΓöÇΓöÇΓöÇΓöÇΓöÇΓöÇΓöÇΓöÇΓöÇΓöÇΓöÇΓö┤ΓöÇΓöÇΓöÇΓöÇΓöÇΓöÇΓöÇΓöÇΓöÇΓöÇΓöÇΓöÇΓöÇΓöÇΓöÇΓöÇΓöÇΓöÇΓöÇΓöÇΓö┤ΓöÇΓöÇΓöÇΓöÇΓöÇΓöÇΓöÇΓöÇΓöÇΓöÇΓöÇΓöÇΓöÇΓöÇΓö┤ΓöÇΓöÇΓöÇΓöÇΓöÇΓöÇΓöÇΓöÇΓöÇΓöÇΓöÇΓöÇΓöÇΓöÇΓöÇΓöÇΓöÇΓöÇΓöÇΓöÇΓöÇΓöÇΓö┤ΓöÇΓöÇΓöÇΓöÇΓöÇΓöÇΓöÇΓöÇΓöÇΓöÇΓöÇΓöÇΓöÇΓöÇΓöÇΓöÇΓöÇΓöÇΓöÇΓöÇΓöÇΓöÇΓöÇΓöÇΓöÇΓöÇΓöÇΓöÇΓöÇΓöÇΓöÇΓöÇΓöÇΓöÇΓöÇΓöÇΓöÇΓöÇΓöÇΓöÇΓöÇΓöÇΓöÇΓöÇΓöÇΓöÇΓöÇΓöÇΓöÇΓöÇΓöÇΓöÇΓöÇΓöÇΓöÇΓöÇΓöÇΓöÿ
